// Jest Snapshot v1, https://goo.gl/fbAQLP

exports[`Components/Link Active smoke-test 1`] = `
<main class="-storybook-preview-module__root--fQckk inter-normal">
  <a class="src-components-Link-Link-module__root--ggyqZ src-components-Link-Link-module__primary--hzP7j"
     data-testid="link-component"
     target="_self"
     href="/"
  >
    Click on the link
  </a>
</main>
`;

exports[`Components/Link AutoFocus play-test 1`] = `
<main class="-storybook-preview-module__root--fQckk inter-normal">
  <a class="src-components-Link-Link-module__root--ggyqZ src-components-Link-Link-module__primary--hzP7j"
     data-testid="link-component"
     target="_self"
     href="/"
  >
    Click on the link
  </a>
</main>
`;

exports[`Components/Link ClickMultipleTimes play-test 1`] = `
<main class="-storybook-preview-module__root--fQckk inter-normal">
  <a class="src-components-Link-Link-module__root--ggyqZ src-components-Link-Link-module__primary--hzP7j"
     data-testid="link-component"
     target="_self"
     href="/"
  >
    Click on the link
  </a>
</main>
`;

exports[`Components/Link Focus smoke-test 1`] = `
<main class="-storybook-preview-module__root--fQckk inter-normal">
  <a class="src-components-Link-Link-module__root--ggyqZ src-components-Link-Link-module__primary--hzP7j"
     data-testid="link-component"
     target="_self"
     href="/"
  >
    Click on the link
  </a>
</main>
`;

exports[`Components/Link FocusOnClick play-test 1`] = `
<main class="-storybook-preview-module__root--fQckk inter-normal">
  <a class="src-components-Link-Link-module__root--ggyqZ src-components-Link-Link-module__primary--hzP7j"
     data-testid="link-component"
     target="_self"
     href="/"
  >
    Click on the link
  </a>
</main>
`;

exports[`Components/Link FocusOnTab play-test 1`] = `
<main class="-storybook-preview-module__root--fQckk inter-normal">
  <a class="src-components-Link-Link-module__root--ggyqZ src-components-Link-Link-module__primary--hzP7j"
     data-testid="link-component"
     target="_self"
     href="/"
  >
    Click on the link
  </a>
</main>
`;

exports[`Components/Link LongText smoke-test 1`] = `
<main class="-storybook-preview-module__root--fQckk inter-normal">
  <div class="src-components-Link-Link-stories-module__container--Kpt8t">
    <a class="src-components-Link-Link-module__root--ggyqZ src-components-Link-Link-module__primary--hzP7j"
       data-testid="link-component"
       target="_self"
       href="/"
    >
      This is a very long text that should be going to the next line
    </a>
  </div>
</main>
`;

exports[`Components/Link LongTextWithIcon smoke-test 1`] = `
<main class="-storybook-preview-module__root--fQckk inter-normal">
  <div class="src-components-Link-Link-stories-module__container--Kpt8t">
    <a class="src-components-Link-Link-module__root--ggyqZ src-components-Link-Link-module__primary--hzP7j"
       data-testid="link-component"
       target="_self"
       href="/"
    >
      <img alt="Icône de lien vers /"
           loading="lazy"
           width="12"
           height="12"
           decoding="async"
           data-nimg="1"
           class="src-components-Link-Link-module__icon--B0cve"
           srcset="/static/media/arrow.55ce8cbb.svg?w=16&amp;q=75 1x, /static/media/arrow.55ce8cbb.svg?w=32&amp;q=75 2x"
           src="/static/media/arrow.55ce8cbb.svg?w=32&amp;q=75"
           style="color: transparent;"
      >
      This is a very long text that should be going to the next line
    </a>
  </div>
</main>
`;

exports[`Components/Link Playground smoke-test 1`] = `
<main class="-storybook-preview-module__root--fQckk inter-normal">
  <a class="src-components-Link-Link-module__root--ggyqZ src-components-Link-Link-module__primary--hzP7j"
     data-testid="link-component"
     target="_self"
     href="/"
  >
    Click on the link
  </a>
</main>
`;

exports[`Components/Link PressEnter play-test 1`] = `
<main class="-storybook-preview-module__root--fQckk inter-normal">
  <a class="src-components-Link-Link-module__root--ggyqZ src-components-Link-Link-module__primary--hzP7j"
     data-testid="link-component"
     target="_self"
     href="/"
  >
    Click on the link
  </a>
</main>
`;

exports[`Components/Link Primary smoke-test 1`] = `
<main class="-storybook-preview-module__root--fQckk inter-normal">
  <a class="src-components-Link-Link-module__root--ggyqZ src-components-Link-Link-module__primary--hzP7j"
     data-testid="link-component"
     target="_self"
     href="/"
  >
    Click on the link
  </a>
</main>
`;

exports[`Components/Link PrimaryHover smoke-test 1`] = `
<main class="-storybook-preview-module__root--fQckk inter-normal">
  <a class="src-components-Link-Link-module__root--ggyqZ src-components-Link-Link-module__primary--hzP7j"
     data-testid="link-component"
     target="_self"
     href="/"
  >
    Click on the link
  </a>
</main>
`;

exports[`Components/Link PrimaryRounded smoke-test 1`] = `
<main class="-storybook-preview-module__root--fQckk inter-normal">
  <a class="src-components-Link-Link-module__root--ggyqZ src-components-Link-Link-module__primary--hzP7j src-components-Link-Link-module__rounded--zQTlH"
     data-testid="link-component"
     target="_self"
     href="/"
  >
    Click on the link
  </a>
</main>
`;

exports[`Components/Link PrimarySmall smoke-test 1`] = `
<main class="-storybook-preview-module__root--fQckk inter-normal">
  <a class="src-components-Link-Link-module__root--ggyqZ src-components-Link-Link-module__primary--hzP7j src-components-Link-Link-module__small--nBuK2"
     data-testid="link-component"
     target="_self"
     href="/"
  >
    Click on the link
  </a>
</main>
`;

exports[`Components/Link PrimarySmallRounded smoke-test 1`] = `
<main class="-storybook-preview-module__root--fQckk inter-normal">
  <a class="src-components-Link-Link-module__root--ggyqZ src-components-Link-Link-module__primary--hzP7j src-components-Link-Link-module__small--nBuK2 src-components-Link-Link-module__rounded--zQTlH"
     data-testid="link-component"
     target="_self"
     href="/"
  >
    Click on the link
  </a>
</main>
`;

exports[`Components/Link RoundedWithIcon smoke-test 1`] = `
<main class="-storybook-preview-module__root--fQckk inter-normal">
  <a class="src-components-Link-Link-module__root--ggyqZ src-components-Link-Link-module__primary--hzP7j src-components-Link-Link-module__rounded--zQTlH"
     data-testid="link-component"
     target="_self"
     href="/"
  >
    <img alt="Icône de lien vers /"
         loading="lazy"
         width="12"
         height="12"
         decoding="async"
         data-nimg="1"
         class="src-components-Link-Link-module__icon--B0cve"
         srcset="/static/media/arrow.55ce8cbb.svg?w=16&amp;q=75 1x, /static/media/arrow.55ce8cbb.svg?w=32&amp;q=75 2x"
         src="/static/media/arrow.55ce8cbb.svg?w=32&amp;q=75"
         style="color: transparent;"
    >
    Click on the link
  </a>
</main>
`;

exports[`Components/Link Secondary smoke-test 1`] = `
<main class="-storybook-preview-module__root--fQckk inter-normal">
  <a class="src-components-Link-Link-module__root--ggyqZ src-components-Link-Link-module__secondary--tiYlA"
     data-testid="link-component"
     target="_self"
     href="/"
  >
    Click on the link
  </a>
</main>
`;

exports[`Components/Link SecondaryHover smoke-test 1`] = `
<main class="-storybook-preview-module__root--fQckk inter-normal">
  <a class="src-components-Link-Link-module__root--ggyqZ src-components-Link-Link-module__secondary--tiYlA"
     data-testid="link-component"
     target="_self"
     href="/"
  >
    Click on the link
  </a>
</main>
`;

exports[`Components/Link SecondaryRounded smoke-test 1`] = `
<main class="-storybook-preview-module__root--fQckk inter-normal">
  <a class="src-components-Link-Link-module__root--ggyqZ src-components-Link-Link-module__secondary--tiYlA src-components-Link-Link-module__rounded--zQTlH"
     data-testid="link-component"
     target="_self"
     href="/"
  >
    Click on the link
  </a>
</main>
`;

exports[`Components/Link SecondarySmall smoke-test 1`] = `
<main class="-storybook-preview-module__root--fQckk inter-normal">
  <a class="src-components-Link-Link-module__root--ggyqZ src-components-Link-Link-module__secondary--tiYlA src-components-Link-Link-module__small--nBuK2"
     data-testid="link-component"
     target="_self"
     href="/"
  >
    Click on the link
  </a>
</main>
`;

exports[`Components/Link SecondarySmallRounded smoke-test 1`] = `
<main class="-storybook-preview-module__root--fQckk inter-normal">
  <a class="src-components-Link-Link-module__root--ggyqZ src-components-Link-Link-module__secondary--tiYlA src-components-Link-Link-module__small--nBuK2 src-components-Link-Link-module__rounded--zQTlH"
     data-testid="link-component"
     target="_self"
     href="/"
  >
    Click on the link
  </a>
</main>
`;

exports[`Components/Link SmallRoundedWithIcon smoke-test 1`] = `
<main class="-storybook-preview-module__root--fQckk inter-normal">
  <a class="src-components-Link-Link-module__root--ggyqZ src-components-Link-Link-module__primary--hzP7j src-components-Link-Link-module__small--nBuK2 src-components-Link-Link-module__rounded--zQTlH"
     data-testid="link-component"
     target="_self"
     href="/"
  >
    <img alt="Icône de lien vers /"
         loading="lazy"
         width="12"
         height="12"
         decoding="async"
         data-nimg="1"
         class="src-components-Link-Link-module__icon--B0cve"
         srcset="/static/media/arrow.55ce8cbb.svg?w=16&amp;q=75 1x, /static/media/arrow.55ce8cbb.svg?w=32&amp;q=75 2x"
         src="/static/media/arrow.55ce8cbb.svg?w=32&amp;q=75"
         style="color: transparent;"
    >
    Click on the link
  </a>
</main>
`;

exports[`Components/Link SmallWithIcon smoke-test 1`] = `
<main class="-storybook-preview-module__root--fQckk inter-normal">
  <a class="src-components-Link-Link-module__root--ggyqZ src-components-Link-Link-module__primary--hzP7j src-components-Link-Link-module__small--nBuK2"
     data-testid="link-component"
     target="_self"
     href="/"
  >
    <img alt="Icône de lien vers /"
         loading="lazy"
         width="12"
         height="12"
         decoding="async"
         data-nimg="1"
         class="src-components-Link-Link-module__icon--B0cve"
         srcset="/static/media/arrow.55ce8cbb.svg?w=16&amp;q=75 1x, /static/media/arrow.55ce8cbb.svg?w=32&amp;q=75 2x"
         src="/static/media/arrow.55ce8cbb.svg?w=32&amp;q=75"
         style="color: transparent;"
    >
    Click on the link
  </a>
</main>
`;

exports[`Components/Link WithIcon smoke-test 1`] = `
<main class="-storybook-preview-module__root--fQckk inter-normal">
  <a class="src-components-Link-Link-module__root--ggyqZ src-components-Link-Link-module__primary--hzP7j"
     data-testid="link-component"
     target="_self"
     href="/"
  >
    <img alt="Icône de lien vers /"
         loading="lazy"
         width="12"
         height="12"
         decoding="async"
         data-nimg="1"
         class="src-components-Link-Link-module__icon--B0cve"
         srcset="/static/media/arrow.55ce8cbb.svg?w=16&amp;q=75 1x, /static/media/arrow.55ce8cbb.svg?w=32&amp;q=75 2x"
         src="/static/media/arrow.55ce8cbb.svg?w=32&amp;q=75"
         style="color: transparent;"
    >
    Click on the link
  </a>
</main>
`;
